apps/editor/components/stats-tab.tsx format ━━━━━━━━━━━━━━━━━━━━━━━━━━━━━━━━━━━━━━━━━━━━━━━━━━━━━━━━

  × Formatter would have printed the following content:
  
    775 775 │                 }`}
    776 776 │               >
    777     │ - ··············{line.takeoff.openingAdjustment·===·'deducted'·?·(
    778     │ - ················`${t('stats.opening.net')}···${t('stats.opening.detail')
    779     │ - ··················.replace('{gross}',·line.takeoff.grossQuantity.toFixed(2))
    780     │ - ··················.replace('{deducted}',·(line.takeoff.openingDeductedQuantity·??·0).toFixed(2))
    781     │ - ··················.replace('{net}',·line.takeoff.quantity.toFixed(2))}`
    782     │ - ··············)·:·line.takeoff.openingAdjustment·===·'mixed'·?·(
    783     │ - ················`${t('stats.opening.unsupported')}···${t('stats.opening.partial')
    784     │ - ··················.replace('{gross}',·line.takeoff.grossQuantity.toFixed(2))
    785     │ - ··················.replace('{deducted}',·(line.takeoff.openingDeductedQuantity·??·0).toFixed(2))
    786     │ - ··················.replace('{net}',·line.takeoff.quantity.toFixed(2))}`
    787     │ - ··············)·:·(
    788     │ - ················`${t('stats.opening.unsupported')}···${t('stats.opening.gross').replace(
    789     │ - ··················'{gross}',
    790     │ - ··················line.takeoff.grossQuantity.toFixed(2),
    791     │ - ················)}`
    792     │ - ··············)}
        777 │ + ··············{line.takeoff.openingAdjustment·===·'deducted'
        778 │ + ················?·`${t('stats.opening.net')}···${t('stats.opening.detail')
        779 │ + ····················.replace('{gross}',·line.takeoff.grossQuantity.toFixed(2))
        780 │ + ····················.replace('{deducted}',·(line.takeoff.openingDeductedQuantity·??·0).toFixed(2))
        781 │ + ····················.replace('{net}',·line.takeoff.quantity.toFixed(2))}`
        782 │ + ················:·line.takeoff.openingAdjustment·===·'mixed'
        783 │ + ··················?·`${t('stats.opening.unsupported')}···${t('stats.opening.partial')
        784 │ + ······················.replace('{gross}',·line.takeoff.grossQuantity.toFixed(2))
        785 │ + ······················.replace('{deducted}',·(line.takeoff.openingDeductedQuantity·??·0).toFixed(2))
        786 │ + ······················.replace('{net}',·line.takeoff.quantity.toFixed(2))}`
        787 │ + ··················:·`${t('stats.opening.unsupported')}···${t('stats.opening.gross').replace(
        788 │ + ······················'{gross}',
        789 │ + ······················line.takeoff.grossQuantity.toFixed(2),
        790 │ + ····················)}`}
    793 791 │               </span>
    794 792 │             )}
  

packages/viewer/src/lib/polygon-union.ts format ━━━━━━━━━━━━━━━━━━━━━━━━━━━━━━━━━━━━━━━━━━━━━━━━━━━━

  × Formatter would have printed the following content:
  
    417 417 │     let inside = false
    418 418 │   
    419     │ - ··for·(let·index·=·0,·previousIndex·=·polygon.length·-·1;·index·<·polygon.length;·previousIndex·=·index++)·{
        419 │ + ··for·(
        420 │ + ····let·index·=·0,·previousIndex·=·polygon.length·-·1;
        421 │ + ····index·<·polygon.length;
        422 │ + ····previousIndex·=·index++
        423 │ + ··)·{
    420 424 │       const current = polygon[index]!
    421 425 │       const previous = polygon[previousIndex]!
    ······· │ 
    425 429 │         current[1] > point[1] !== previous[1] > point[1] &&
    426 430 │         point[0] <
    427     │ - ········((previous[0]·-·current[0])·*·(point[1]·-·current[1]))·/
    428     │ - ··········(previous[1]·-·current[1])·+
        431 │ + ········((previous[0]·-·current[0])·*·(point[1]·-·current[1]))·/·(previous[1]·-·current[1])·+
    429 432 │             current[0]
    430 433 │       if (crossesRay) inside = !inside
  

Checked 11 files in 36ms. No fixes applied.
Found 2 errors.
check ━━━━━━━━━━━━━━━━━━━━━━━━━━━━━━━━━━━━━━━━━━━━━━━━━━━━━━━━━━━━━━━━━━━━━━━━━━━━━━━━━━━━━━━━━━━━━━

  × Some errors were emitted while running checks.
  

