bun test v1.3.11 (af24e281)

apps/editor/lib/quantity-takeoff.test.ts:
(pass) board takeoff > a module counts sides, top, bottom, back and shelves [2.02ms]
(pass) board takeoff > door and drawer faces are counted as front board, open shelving is not [0.22ms]
(pass) board takeoff > a degenerate module contributes nothing rather than a zero-area line [0.02ms]
(pass) furniture and countertop > a run reports itself, its bays, and its worktop area [0.20ms]
(pass) furniture and countertop > a run without a worktop reports no countertop [0.06ms]
(pass) areas and finishes > floor and ceiling areas come from their polygons [0.19ms]
(pass) areas and finishes > ceiling drop zones add their reveal faces, skipping open edges [0.27ms]
(pass) areas and finishes > painted wall faces group by material, not by wall [3.98ms]
(pass) areas and finishes > unpainted walls contribute no finish line [0.45ms]
(pass) areas and finishes > a straight wall splits an unbanded partial finish between its region and base [13.42ms]
(pass) areas and finishes > a partial finish without a base material leaves uncovered area unpriced [4.75ms]
(pass) areas and finishes > active two, three and four band spans use their exact heights and side fallback [1.76ms]
(pass) areas and finishes > band regions match only their active role and fall back to the whole side [1.48ms]
(pass) areas and finishes > adjacent and disjoint regions recombine by material and keep one wall id [0.40ms]
(pass) areas and finishes > curved walls keep arc-length base area and ignore partial regions [0.74ms]
(pass) areas and finishes > wall-hosted openings with no modeled geometry remain conservative gross [0.34ms]
(pass) areas and finishes > a modeled rectangle opening is deducted from both painted faces [3.47ms]
(pass) areas and finishes > merges a fully deducted wall audit into a positive same-material line [0.98ms]
(pass) areas and finishes > band and exact-role region clip one opening into each active cell [3.66ms]
(pass) areas and finishes > an opening crossing a region boundary is split between material cells [0.83ms]
(pass) areas and finishes > overlapping openings are unioned before deduction [1.17ms]
(pass) areas and finishes > ignores a hosted opening that is absent from wall children [0.30ms]
(pass) areas and finishes > curved wall keeps the affected finish gross and marks it unsupported [0.36ms]
(pass) areas and finishes > invalid geometry keeps the affected finish gross and marks it unsupported [0.09ms]
(pass) areas and finishes > missing child keeps the affected finish gross and marks it unsupported [0.08ms]
(pass) areas and finishes > item cutout keeps the affected finish gross and marks it unsupported [0.08ms]
(pass) areas and finishes > a supported and unsupported wall aggregate as mixed with known deduction audit [0.35ms]
(pass) areas and finishes > wall finish takeoff does not mutate frozen scene input [0.64ms]
(pass) lighting > fixtures aggregate per light type [0.12ms]
(pass) lighting > a divided run counts its full fixture count from one node [0.18ms]
(pass) lighting > a linked product groups by its ref and carries it as materialRef [0.10ms]
(pass) lighting > linear fixtures add a run-length measure [0.08ms]
(pass) scoping > a level filter excludes other levels [0.06ms]
(pass) walls are a quantity even before anyone picks a finish > an unpainted wall still reports face area and length [0.24ms]
(pass) walls are a quantity even before anyone picks a finish > painting it adds finish lines without removing the wall quantity
(pass) walls are a quantity even before anyone picks a finish > wall areas aggregate across walls [0.33ms]
(pass) a wall expands into what actually gets ordered > an explicit stud build-up yields its materials, not just an area [0.74ms]
(pass) a wall expands into what actually gets ordered > 각재 is ordered by the metre and 석고보드 by the sheet [0.80ms]
(pass) a wall expands into what actually gets ordered > a cavity is not ordered — it is empty space [0.16ms]
(pass) a wall expands into what actually gets ordered > the same layer aggregates across walls [0.43ms]
(pass) a wall expands into what actually gets ordered > face area and run length are marked as measures, materials are not [0.15ms]
(pass) a wall expands into what actually gets ordered > a wall with no build-up recorded still reports its area [0.10ms]
(pass) a wall expands into what actually gets ordered > a wall with no height set is measured at the same default core uses [0.19ms]
(pass) placed models > items count per product, aggregating duplicates [0.17ms]
(pass) placed models > an item with no asset metadata still gets counted [0.08ms]
(pass) furniture run make-up > reports total run length alongside the bay count [0.29ms]
(pass) furniture run make-up > bays group by width [0.19ms]
(pass) furniture run make-up > a run with no bays reports no length or make-up [0.10ms]
(pass) floor and ceiling openings > area comes from the polygon field [0.10ms]
(pass) floor and ceiling openings > holes are deducted — a stairwell is not floor [0.11ms]
(pass) floor and ceiling openings > holes larger than the slab clamp at zero rather than going negative [0.03ms]
(pass) floor and ceiling build-up > a ceiling expands into furring and board, under the ceiling heading [0.54ms]
(pass) floor and ceiling build-up > floor screed is measured by volume [0.32ms]
(pass) floor and ceiling build-up > holes reduce the build-up too, not just the headline area [0.13ms]
(pass) floor and ceiling build-up > a surface with no construction still reports its area [0.03ms]

apps/editor/lib/estimate-lines.test.ts:
(pass) measures are not priced > a measure is reported as such rather than matched to a material [0.35ms]
(pass) measures are not priced > a measure is not something to fix, so it is not flagged unresolved [0.07ms]
(pass) a line already counted in whole units > is priced directly rather than converted a second time [0.20ms]
(pass) a line already counted in whole units > a material with no price still reports as no-price, not as priced
(pass) a line already counted in whole units > a running-metre line still goes through coverage [0.20ms]
(pass) material matching > a painted surface matches by the ref it was painted with [0.03ms]
(pass) material matching > a user override beats both ref and name [0.04ms]
(pass) material matching > a kind-level line falls back to matching by name [0.06ms]
(pass) material matching > no plausible match returns nothing rather than the first row
(pass) draft pricing > 10평 of wallpaper prices as 2 rolls at the material rate [0.15ms]
(pass) draft pricing > the category's waste allowance applies when the material states none
(pass) unresolved lines are surfaced, never dropped > no matching material [0.12ms]
(pass) unresolved lines are surfaced, never dropped > material found but coverage unregistered
(pass) unresolved lines are surfaced, never dropped > converted but priced at zero [0.08ms]
(pass) unresolved lines are surfaced, never dropped > a mixed report totals only what is actually priced [0.04ms]

apps/editor/lib/scene-project-link.test.ts:
(pass) where the link lives > the building node holds it when there is one [0.12ms]
(pass) where the link lives > a scene with no building falls back to its first root [0.02ms]
(pass) where the link lives > stale root ids still resolve to a parentless node
(pass) where the link lives > an empty scene has nowhere to put it [0.11ms]
(pass) reading and writing > reads the linked project [0.06ms]
(pass) reading and writing > an unlinked scene reads as null, not empty string
(pass) reading and writing > writing preserves whatever else is in metadata [0.07ms]
(pass) reading and writing > clearing removes only the link [0.04ms]
(pass) reading and writing > a round trip preserves the value [0.02ms]
(pass) estimate submission history > preserves the project link and unrelated metadata through a JSON round trip [0.43ms]
(pass) estimate submission history > keeps full, partial, and all-failed attempted item snapshots [0.15ms]
(pass) estimate submission history > filters by project and de-duplicates before capping at ten newest records [1.67ms]
(pass) estimate submission history > drops malformed history records without throwing [0.20ms]
(pass) estimate submission history > does not append a pre-document failure result [0.06ms]
(pass) estimate submission history > only trusts canonical server-origin estimate links [0.51ms]

apps/editor/lib/estimate-submit.test.ts:
(pass) line items > a priced line becomes an INTM item with its converted quantity [0.73ms]
(pass) line items > the description traces the line back to the drawing [0.05ms]
(pass) line items > a no-material line is left out [0.06ms]
(pass) line items > a no-coverage line is left out
(pass) line items > a no-price line is left out
(pass) line items > a priced line with zero quantity is left out too [0.10ms]
(pass) line items > a mixed draft submits only what is resolved [0.04ms]
(pass) line items > carries the deducted opening basis into the INTM description [0.06ms]
(pass) line items > carries the mixed opening basis into the INTM description [0.03ms]
(pass) line items > carries the unsupported opening basis into the INTM description
(pass) submission > posts the items to INTM with the caller session [0.75ms]
(pass) submission > creates the document first, then posts each item to it [0.15ms]
(pass) submission > counts item failures instead of discarding the estimate [0.13ms]
(pass) submission > keeps a link when every item fails after the document is created [0.13ms]
(pass) submission > normalizes the configured base and encodes the estimate id in the link [0.12ms]
(pass) submission > refuses with no project before any request [0.07ms]
(pass) submission > refuses with no title before any request [0.01ms]
(pass) submission > refuses to create an estimate with nothing resolved [0.06ms]
(pass) submission > reports a refusal instead of pretending it worked [0.07ms]
(pass) submission > a 200 with no estimate id is still a failure [0.11ms]
(pass) submission > no session and no INTM both refuse before any request [0.08ms]

apps/editor/lib/intm-session.test.ts:
(pass) gating > stays off until an INTM instance is configured [0.10ms]
(pass) gating > turns on once INTM_BASE_URL is set, and can be forced off [0.05ms]
(pass) gating > login URL returns the user to where they were headed, as a path [0.16ms]
(pass) gating > a return URL on another origin is left absolute [0.08ms]
(pass) session resolution > forwards the inbound cookie verbatim to INTM [1.14ms]
(pass) session resolution > no session cookie means no INTM round trip at all [0.05ms]
(pass) session resolution > a rejected session resolves to no user [0.09ms]
(pass) session resolution > an error status resolves to no user [0.02ms]
(pass) session resolution > an unreachable INTM resolves to no user [0.08ms]
(pass) session resolution > an unconfigured INTM never authenticates anyone [0.05ms]

packages/viewer/src/lib/polygon-union.test.ts:
(pass) unionPolygons > collapses a contained polygon into the containing polygon [0.91ms]
(pass) unionPolygons > combines overlapping rectangles into one boundary [0.30ms]
(pass) unionPolygons > keeps disjoint polygons as separate boundaries [0.21ms]
(pass) unionPolygons > does not count a retained centre inside a frame-shaped union [2.26ms]
(pass) unionPolygons > fails instead of accepting a degenerate partial boundary [0.10ms]
(pass) unionPolygons > rejects self-crossing and concave input rings [0.05ms]
(pass) unionPolygons > rejects rings whose coordinates collide at the boundary key scale [0.08ms]
(pass) unionPolygons > classifies a thin frame from ring vertices instead of an arbitrary offset [0.44ms]
(pass) unionPolygons > proves contained, overlapping, and disjoint rectangle areas [0.40ms]
(pass) unionPolygons > rejects point-touching rings whose containment is ambiguous [0.15ms]
(pass) unionPolygons > proves shared-edge rectangles without double counting the seam [0.12ms]
(pass) clipPolygonToRect > clips a polygon crossing each rectangle edge [0.14ms]
(pass) clipPolygonToRect > returns an empty polygon when there is no intersection [0.07ms]
(pass) subtractPolygonsFromPolygon > returns an outer contour and an enclosed window hole [0.27ms]
(pass) subtractPolygonsFromPolygon > turns a boundary-overlapping cutter into an indentation [0.24ms]
(pass) subtractPolygonsFromPolygon > returns separate contours when a cutter splits the subject [0.11ms]
(pass) subtractPolygonsFromPolygon > keeps two disjoint window holes as three contours [0.12ms]
(pass) subtractPolygonsFromPolygon > clips an opening crossing the footprint cap [0.06ms]
(pass) subtractPolygonsFromPolygon > handles an opening ending exactly on the footprint boundary
(pass) subtractPolygonsFromPolygon > extends a floor-level door notch to the exact semantic padding

packages/viewer/src/systems/wall/opening-cutout-geometry.test.ts:
(pass) buildOpeningCutoutShape > rectangle profile passes the rect through unchanged [0.64ms]
(pass) buildOpeningCutoutShape > door rounded profile rounds only the top corners [0.77ms]
(pass) buildOpeningCutoutShape > window rounded profile rounds all four corners [3.10ms]
(pass) buildOpeningCutoutShape > shared corner radius is clamped to the opening half-extent [0.64ms]
(pass) buildOpeningCutoutShape > individual radii normalize when their sum exceeds the opening width [0.94ms]
(pass) buildOpeningCutoutShape > arch profile springs at top - archHeight and peaks at the rect top [0.36ms]
(pass) buildOpeningCutoutShape > profiles are origin-agnostic — offset rects yield translated points [0.83ms]
(pass) buildOpeningCutoutProfile > pins the renderer sampled areas used by takeoff [0.61ms]
(pass) buildOpeningCutoutProfile > returns nominal points without floor padding [0.42ms]
(pass) buildOpeningCutoutGeometry > extrudes the rect through the depth, centered on the mid-plane [6.40ms]
(pass) hasFlatOpeningCutoutBottom > flat for rectangles, arches, and door rounded (top-only radii) [2.38ms]
(pass) hasFlatOpeningCutoutBottom > rounded windows depend on their bottom radii [0.32ms]
(pass) getOpeningCutoutBottomPadding > pads floor-level openings with a flat bottom [0.17ms]
(pass) getOpeningCutoutBottomPadding > does not pad openings above the floor or rounded window bottoms [0.09ms]

 150 pass
 0 fail
 548 expect() calls
Ran 150 tests across 7 files. [1.56s]

EXIT:0
