RECOVERY_BRIDGES [([960.0, 173.0], [959.5, 179.0]), ([489.5, 368.0], [485.5, 363.5]), ([534.5, 226.0], [538.5, 220.0]), ([425.0, 256.5], [417.0, 264.5])]
RECOVERY_GROUPS [(True, [([489.4, 541.6], [550.4, 476.4]), ([484.8, 280.0], [540.0, 219.4]), ([437.8, 550.6], [516.0, 629.5]), ([468.4, 520.6], [489.4, 541.6]), ([484.8, 280.0], [528.7, 321.8]), ([437.8, 550.6], [468.4, 520.6]), ([414.9, 527.7], [444.7, 496.7]), ([498.0, 182.9], [540.0, 219.4]), ([444.7, 496.7], [463.5, 515.0]), ([440.0, 551.0], [449.0, 562.0]), ([471.0, 522.5], [485.0, 538.0]), ([461.5, 528.0], [464.5, 516.5]), ([484.5, 281.5], [492.5, 286.5]), ([449.0, 500.5], [455.0, 507.0]), ([470.5, 583.5], [498.5, 612.0]), ([435.5, 506.0], [443.0, 498.5]), ([493.5, 606.5], [507.0, 620.5]), ([440.0, 551.5], [453.5, 535.0]), ([418.0, 524.5], [427.0, 515.5]), ([481.0, 533.5], [490.0, 540.0]), ([466.5, 519.0], [472.5, 524.0]), ([452.0, 537.0], [455.5, 533.0]), ([405.0, 518.5], [412.5, 525.5]), ([433.5, 508.0], [444.5, 498.0]), ([461.5, 513.0], [468.0, 521.5]), ([460.0, 512.0], [466.5, 523.0]), ([398.5, 512.0], [403.0, 516.5]), ([479.0, 531.0], [486.5, 539.5]), ([440.0, 550.5], [450.5, 538.0]), ([442.0, 555.0], [446.5, 559.5]), ([485.0, 281.0], [490.5, 273.0]), ([461.0, 528.0], [469.5, 522.0]), ([508.0, 621.5], [519.0, 629.5]), ([459.0, 510.5], [465.5, 523.5]), ([445.0, 498.0], [454.0, 505.5]), ([463.5, 525.5], [465.5, 517.5]), ([443.5, 498.5], [457.5, 509.5]), ([485.5, 281.0], [491.0, 285.0]), ([491.5, 539.0], [496.0, 534.0]), ([445.5, 543.5], [449.0, 540.0]), ([462.5, 527.0], [467.0, 521.5]), ([501.5, 614.5], [510.0, 623.5]), ([470.4, 522.6], [487.6, 539.9]), ([441.0, 547.5], [466.0, 523.0]), ([418.0, 524.5], [443.0, 498.5]), ([446.5, 498.5], [463.5, 515.0]), ([498.0, 182.9], [501.5, 179.3]), ([516.0, 629.5], [502.0, 629.5]), ([484.8, 280.0], [465.9, 300.7]), ([468.4, 520.6], [448.6, 500.9]), ([437.8, 550.6], [434.3, 554.1]), ([414.9, 527.7], [411.5, 531.3]), ([463.5, 515.0], [483.6, 534.5])]), (True, [([480.5, 357.0], [481.0, 362.0]), ([489.5, 368.0], [493.5, 369.5]), ([478.0, 354.0], [482.5, 362.5]), ([479.5, 355.5], [485.5, 363.5]), ([489.5, 368.0], [485.5, 363.5])]), (True, [([414.9, 265.9], [457.0, 306.5]), ([449.0, 299.5], [460.5, 305.5]), ([395.0, 286.0], [409.0, 272.0]), ([453.0, 330.5], [460.0, 339.5]), ([417.0, 264.5], [429.0, 280.0]), ([446.5, 322.5], [457.0, 306.0]), ([412.5, 268.5], [419.0, 270.0]), ([450.5, 317.5], [459.5, 306.0]), ([432.0, 282.0], [457.5, 307.5]), ([458.5, 336.5], [464.5, 340.0]), ([411.5, 269.5], [416.0, 267.0]), ([447.5, 320.5], [449.0, 327.0]), ([447.0, 323.5], [460.0, 340.0]), ([447.0, 321.0], [447.5, 325.0]), ([416.5, 267.5], [427.5, 278.5]), ([424.5, 275.0], [438.5, 289.0]), ([448.0, 325.5], [450.5, 317.0]), ([454.0, 313.5], [460.0, 306.0]), ([459.5, 337.5], [465.0, 340.5]), ([425.0, 256.5], [429.0, 252.5]), ([447.4, 325.1], [459.6, 337.4]), ([447.0, 321.5], [456.0, 311.0]), ([414.9, 265.9], [411.3, 262.4]), ([457.0, 306.5], [460.6, 310.0]), ([425.0, 256.5], [417.0, 264.5])]), (False, [([505.4, 261.1], [505.5, 257.0])])]
RECOVERY_PROBES [([557.5, 322.0], [557.5, 305.5], 9.6, 1.0), ([549.0, 349.0], [549.2, 365.2], 3.8, 1.0), ([546.5, 374.5], [546.5, 366.5], 3.8, 1.0), ([548.0, 348.0], [548.0, 342.5], 7.6, 1.0), ([533.8, 328.3], [537.0, 323.0], 4.6, 1.0), ([546.3, 349.0], [546.5, 339.0], 3.8, 1.0), ([536.6, 330.8], [542.5, 322.5], 4.6, 0.64), ([561.5, 322.0], [571.5, 322.5], 9.6, 1.0), ([543.0, 322.5], [556.5, 322.5], 7.6, 1.0), ([510.3, 387.6], [523.0, 402.0], 7.4, 1.0), ([538.5, 417.5], [542.0, 409.0], 6.0, 0.8), ([547.5, 348.5], [547.5, 340.5], 5.7, 1.0), ([546.5, 379.0], [548.0, 386.5], 4.8, 1.0), ([538.0, 417.0], [538.0, 409.0], 7.4, 1.0), ([527.5, 321.0], [539.5, 323.0], 4.6, 1.0), ([533.1, 327.4], [534.5, 323.5], 9.3, 1.0), ([535.5, 414.0], [537.0, 409.0], 9.0, 1.0), ([533.5, 328.7], [535.5, 323.0], 7.4, 1.0), ([547.5, 408.5], [547.5, 387.0], 5.7, 1.0), ([545.5, 424.5], [556.0, 435.0], 10.1, 1.0), ([527.0, 406.0], [540.5, 409.0], 5.6, 1.0), ([546.5, 375.0], [549.5, 366.0], 3.8, 0.8), ([541.5, 409.0], [541.5, 420.5], 6.6, 0.75), ([548.0, 394.0], [548.0, 406.5], 7.6, 1.0), ([510.4, 389.1], [529.1, 407.9], 7.4, 1.0), ([541.5, 409.0], [574.0, 409.0], 9.6, 1.0), ([536.5, 415.0], [555.5, 434.5], 10.1, 1.0), ([547.5, 402.0], [547.5, 387.0], 5.7, 1.0), ([556.7, 435.7], [556.7, 427.7], 9.6, 0.75), ([528.7, 321.8], [548.9, 341.1], 6.6, 1.0), ([530.7, 409.0], [523.7, 409.0], 9.6, 0.71), ([540.0, 322.3], [520.0, 322.6], 5.7, 0.7), ([530.7, 409.0], [511.1, 388.9], 10.1, 1.0)]
RECOVERY_DRAFTS [([492.2, 367.0], [510.0, 387.3], 'pair'), ([548.0, 382.0], [548.0, 350.0], 'pair')]
RECOVERY_TRACE_START 31 [530.7, 409.0] [492.2, 367.0] 57.0 True
RECOVERY_TRACE_START 7 [481.0, 362.0] [492.2, 367.0] 12.2 True
RECOVERY_TRACE_START 31 [538.0, 409.0] [510.0, 387.3] 35.5 True
RECOVERY_TRACE_START 45 [536.5, 415.0] [510.0, 387.3] 38.4 True
RECOVERY_TRACE_START 7 [481.0, 362.0] [510.0, 387.3] 38.5 True
RECOVERY_DRAFT_PATHS ('draft', 0, 1) [(45, 174.84, 76.7, False, [([536.5, 415.0], [534.5, 410.0]), ([534.5, 410.0], [526.5, 405.5]), ([526.5, 405.5], [510.0, 387.3])])]
RECOVERY_TRACE_START 31 [542.0, 409.0] [548.0, 382.0] 27.7 True
RECOVERY_TRACE_START 45 [536.5, 415.0] [548.0, 382.0] 34.9 True
RECOVERY_DRAFT_PATHS ('draft', 1, 0) [(31, 134.96, 55.3, False, [([542.0, 409.0], [548.0, 406.5]), ([548.0, 406.5], [548.0, 382.0])]), (45, 133.16, 69.9, False, [([536.5, 415.0], [534.5, 410.0]), ([534.5, 410.0], [541.5, 409.0]), ([541.5, 409.0], [548.0, 403.5]), ([548.0, 403.5], [548.0, 382.0])])]
RECOVERY_SOURCE_ANCHORS [(40, [557.5, 295.5], 0.0), (30, [528.7, 321.8], 0.0), (40, [557.5, 305.5], 0.0), (38, [561.5, 322.0], 0.03), (30, [527.5, 321.0], 0.22), (38, [542.5, 322.5], 0.22), (38, [571.5, 321.5], 0.3), (31, [547.5, 408.5], 0.5)]
RECOVERY_TRACE_START 40 [557.5, 295.5] [548.0, 350.0] 55.3 True
RECOVERY_TRACE_START 30 [528.7, 321.8] [548.0, 350.0] 34.2 True
RECOVERY_TRACE_START 38 [561.5, 322.0] [548.0, 350.0] 31.1 True
RECOVERY_DRAFT_PATHS ('draft', 1, 1) [(30, 135.71, 68.3, False, [([528.7, 321.8], [547.0, 339.5]), ([547.0, 339.5], [548.0, 350.0])])]
RECOVERY_TRACE_START 31 [571.0, 409.0] [600.1, 409.2] 29.1 True
RECOVERY_TRACE_START 18 [611.1, 409.4] [600.1, 409.2] 11.0 True
RECOVERY_TRACE_START 9 [624.5, 408.0] [600.1, 409.2] 24.4 True
RECOVERY_TRACE_START 46 [890.0, 584.5] [873.0, 584.5] 17.0 True
RECOVERY_TRACE_START 4 [813.2, 584.6] [873.0, 584.5] 59.8 True
RECOVERY_TRACE_START 10 [911.5, 584.5] [873.0, 584.5] 38.5 True
RECOVERY_TRACE_START 28 [912.0, 146.0] [916.5, 174.5] 28.9 True
RECOVERY_TRACE_START 28 [926.5, 146.0] [955.0, 174.5] 40.3 True
RECOVERY_TRACE_START 3 [960.0, 189.5] [955.0, 174.5] 15.8 True
RECOVERY_TRACE_START 28 [926.5, 146.0] [955.0, 174.5] 40.3 True
RECOVERY_TRACE_START 3 [960.0, 189.5] [955.0, 174.5] 15.8 True
RECOVERY_TRACE_START 50 [779.0, 625.5] [737.5, 631.5] 41.9 True
RECOVERY_TRACE_START 12 [726.0, 626.0] [737.5, 631.5] 12.7 True
RECOVERY_TRACE_START 6 [696.0, 627.5] [737.5, 631.5] 41.7 True
RECOVERY_TRACE_START 50 [779.0, 625.5] [767.5, 631.4] 12.9 True
RECOVERY_TRACE_START 12 [726.0, 626.0] [767.5, 631.4] 41.8 True
RECOVERY_TRACE_START 50 [779.0, 625.5] [803.5, 631.3] 25.2 True
RECOVERY_TRACE_START 10 [912.0, 630.0] [896.5, 631.0] 15.5 True
RECOVERY_TRACE_START 8 [774.5, 286.0] [774.5, 335.5] 49.5 True
RECOVERY_TRACE_START 35 [774.5, 352.5] [774.5, 335.5] 17.0 True
RECOVERY_SOURCE_ANCHORS [(24, [457.0, 306.5], 0.0), (24, [432.0, 282.0], 0.28), (24, [457.0, 306.0], 0.36), (24, [449.0, 299.5], 0.51), (7, [481.0, 362.0], 0.52), (7, [482.5, 362.5], 0.89), (24, [459.5, 306.0], 2.55), (24, [460.0, 306.0], 3.04)]
RECOVERY_TRACE_START 24 [457.0, 306.5] [462.1, 339.9] 33.8 True
RECOVERY_TRACE_START 7 [481.0, 362.0] [462.1, 339.9] 29.1 True
RECOVERY_TRACE_START 31 [538.0, 409.0] [509.0, 387.7] 36.0 True
RECOVERY_TRACE_START 45 [536.5, 415.0] [509.0, 387.7] 38.8 True
RECOVERY_TRACE_START 7 [481.0, 362.0] [509.0, 387.7] 38.0 True
RECOVERY_TRACE_COUNT 278
METRICS {'planId': 'source-plan', 'style': 'standard', 'wallIoU': 0.822, 'scale': 10.992, 'walls': 67, 'doors': 9, 'windows': 3, 'openings': 5, 'rooms': 15}
RECOVERED [542. 409.] [548.  406.5] 3.819999933242798
RECOVERED [548.  406.5] [548.         381.99999999] 3.819999933242798
RECOVERED [528.67308535 321.81826038] [547.  339.5] 3.6935999393463135
RECOVERED [547.  339.5] [548.         349.99999999] 3.6935999393463135
RECOVERED [548.         381.99999999] [548.         349.99999999] 3.819999933242798
RECOVERED [624.5 408. ] [600.12192965 409.24933851] 3.8200000524520874
RECOVERED [890.  584.5] [873.0000101  584.51852767] 5.730000019073486
RECOVERED [774.5 352.5] [774.5 335.5] 3.819999933242798
RECOVERED [538. 409.] [531. 409.] 4.107900142669678
RECOVERED [531. 409.] [508.96736878 387.70434597] 4.107900142669678
RECOVERED [556.66509845 462.5       ] [556.5 473. ] 4.775000095367432
RECOVERED [556.5 473. ] [550.41677044 476.42205485] 4.775000095367432
RECOVERED [669.5 332.5] [674.5 328.5] 3.819999933242798
RECOVERED [674.5 328.5] [674.5 316.5] 3.819999933242798
RECOVERED [624.72983871 332.5       ] [625. 325.] 4.775000095367432
RECOVERED [625. 325.] [609. 322.] 4.775000095367432
