▲ Next.js 16.2.12 (Turbopack)
- Experiments (use with caution):
  · serverActions

⚠ The "middleware" file convention is deprecated. Please use "proxy" instead. Learn more: https://nextjs.org/docs/messages/middleware-to-proxy
  Creating an optimized production build ...
Error: Can't resolve '../../../styles/elevation.css' in '/Users/changseok/editor/.omo/evidence/openings-spaces/build-workspace/apps/editor/app'
    [2m[at finishWithoutResolve (/Users/changseok/editor/node_modules/.bun/enhanced-resolve@5.23.0/node_modules/enhanced-resolve/lib/Resolver.js:943:18)][0m
    [2m[at /Users/changseok/editor/node_modules/.bun/enhanced-resolve@5.23.0/node_modules/enhanced-resolve/lib/Resolver.js:1035:14][0m
    [2m[at /Users/changseok/editor/node_modules/.bun/enhanced-resolve@5.23.0/node_modules/enhanced-resolve/lib/Resolver.js:1112:5][0m
    [2m[at eval (eval at create (/Users/changseok/editor/node_modules/.bun/tapable@2.3.3/node_modules/tapable/lib/HookCodeFactory.js:31:10), <anonymous>:15:1)][0m
    [2m[at /Users/changseok/editor/node_modules/.bun/enhanced-resolve@5.23.0/node_modules/enhanced-resolve/lib/Resolver.js:1112:5][0m
    [2m[at eval (eval at create (/Users/changseok/editor/node_modules/.bun/tapable@2.3.3/node_modules/tapable/lib/HookCodeFactory.js:31:10), <anonymous>:27:1)][0m
    [2m[at /Users/changseok/editor/node_modules/.bun/enhanced-resolve@5.23.0/node_modules/enhanced-resolve/lib/DescriptionFilePlugin.js:94:43][0m
    [2m[at /Users/changseok/editor/node_modules/.bun/enhanced-resolve@5.23.0/node_modules/enhanced-resolve/lib/Resolver.js:1112:5][0m
    [2m[at eval (eval at create (/Users/changseok/editor/node_modules/.bun/tapable@2.3.3/node_modules/tapable/lib/HookCodeFactory.js:31:10), <anonymous>:15:1)][0m
    [2m[at /Users/changseok/editor/node_modules/.bun/enhanced-resolve@5.23.0/node_modules/enhanced-resolve/lib/Resolver.js:1112:5][0m {
  details: "resolve '../../../styles/elevation.css' in '/Users/changseok/editor/.omo/evidence/openings-spaces/build-workspace/apps/editor/app'\n" +
    '  using description file: /Users/changseok/editor/.omo/evidence/openings-spaces/build-workspace/apps/editor/package.json (relative path: ./app)\n' +
    '    using description file: /Users/changseok/editor/.omo/evidence/openings-spaces/build-workspace/package.json (relative path: ./styles/elevation.css)\n' +
    '      no extension\n' +
    "        /Users/changseok/editor/.omo/evidence/openings-spaces/build-workspace/styles/elevation.css doesn't exist\n" +
    '      .css\n' +
    "        /Users/changseok/editor/.omo/evidence/openings-spaces/build-workspace/styles/elevation.css.css doesn't exist\n" +
    '      as directory\n' +
    "        /Users/changseok/editor/.omo/evidence/openings-spaces/build-workspace/styles/elevation.css doesn't exist"
}
Turbopack build encountered 1 warnings:
./.omo/evidence/openings-spaces/build-workspace/apps/editor/next.config.ts
Encountered unexpected file in NFT list
A file was traced that indicates that the whole project was traced unintentionally. Somewhere in the import trace below, there are:
- filesystem operations (like path.join, path.resolve or fs.readFile), or
- very dynamic requires (like require('./' + foo)).
To resolve this, you can
- remove them if possible, or
- only use them in development, or
- make sure they are statically scoped to some subfolder: path.join(process.cwd(), 'data', bar), or
- add ignore comments: path.join(/*turbopackIgnore: true*/ process.cwd(), bar)

Import trace:
  App Route:
    ./.omo/evidence/openings-spaces/build-workspace/apps/editor/next.config.ts
    ./.omo/evidence/openings-spaces/build-workspace/apps/editor/lib/ai-provider.ts
    ./.omo/evidence/openings-spaces/build-workspace/apps/editor/app/api/ai/img3d/route.ts



> Build error occurred
Error: Turbopack build failed with 1 errors:
./.omo/evidence/openings-spaces/build-workspace/apps/editor/app/globals.css
Error evaluating Node.js code
CssSyntaxError: tailwindcss: /Users/changseok/editor/.omo/evidence/openings-spaces/build-workspace/apps/editor/app/globals.css:1:1: Can't resolve '../../../styles/elevation.css' in '/Users/changseok/editor/.omo/evidence/openings-spaces/build-workspace/apps/editor/app'
    at Input.error (node_modules/.bun/postcss@8.5.15/node_modules/postcss/lib/input.js:135:16) [/Users/changseok/editor/.omo/evidence/openings-spaces/build-workspace/apps/editor/.next/build/chunks/node_modules__bun_1-jer_6._.js:4692:22]
    at error (node_modules/.bun/postcss@8.5.15/node_modules/postcss/lib/node.js:146:32) [/Users/changseok/editor/.omo/evidence/openings-spaces/build-workspace/apps/editor/.next/build/chunks/node_modules__bun_1-jer_6._.js:954:38]
    [at Object.Once (/Users/changseok/editor/node_modules/.bun/@tailwindcss+postcss@4.3.0/node_modules/@tailwindcss/postcss/dist/index.js:10:6917)]
    [at process.processTicksAndRejections (node:internal/process/task_queues:104:5)]
    at async LazyResult.runAsync (node_modules/.bun/postcss@8.5.15/node_modules/postcss/lib/lazy-result.js:293:11) [/Users/changseok/editor/.omo/evidence/openings-spaces/build-workspace/apps/editor/.next/build/chunks/node_modules__bun_1-jer_6._.js:6264:21]
    at async transform (turbopack:///[turbopack-node]/transforms/postcss.ts:70:34) [/Users/changseok/editor/.omo/evidence/openings-spaces/build-workspace/apps/editor/.next/build/chunks/[root-of-the-server]__01q95s3._.js:145:36]
    at async run (turbopack:///[turbopack-node]/child_process/evaluate.ts:89:23) [/Users/changseok/editor/.omo/evidence/openings-spaces/build-workspace/apps/editor/.next/build/chunks/[root-of-the-server]__013-p1l._.js:443:31]

Import traces:
  Client Component Browser:
    ./.omo/evidence/openings-spaces/build-workspace/apps/editor/app/globals.css [Client Component Browser]
    ./.omo/evidence/openings-spaces/build-workspace/apps/editor/app/layout.tsx [Server Component]

  App Route:
    ./.omo/evidence/openings-spaces/build-workspace/apps/editor/app/globals.css
    ./.omo/evidence/openings-spaces/build-workspace/apps/editor/lib/ai-provider.ts
    ./.omo/evidence/openings-spaces/build-workspace/apps/editor/app/api/ai/img3d/route.ts


    at async transform (turbopack:///[turbopack-node]/transforms/postcss.ts:70:34) [/Users/changseok/editor/.omo/evidence/openings-spaces/build-workspace/apps/editor/.next/build/chunks/[root-of-the-server]__01q95s3._.js:145:36])
    at async run (turbopack:///[turbopack-node]/child_process/evaluate.ts:89:23) [/Users/changseok/editor/.omo/evidence/openings-spaces/build-workspace/apps/editor/.next/build/chunks/[root-of-the-server]__013-p1l._.js:443:31])
    at processTicksAndRejections (null:7:39)
