Fresh baseline room regression before the room repair (2026-09-30):

Traceback (most recent call last):
  File ".omo/evidence/openings-spaces/rooms-regression.py", line 106, in <module>
    run()
  File ".omo/evidence/openings-spaces/rooms-regression.py", line 84, in run
    assert len(analysis["rooms"]) == 15, analysis["metrics"]
AssertionError: {"doors": 4, "openings": 0, "planId": "source-plan", "rooms": 10, "scale": 10.992, "style": "standard", "wallIoU": 0.81, "walls": 51, "windows": 10}

The baseline merged the top dress into the master, merged the left balcony
into the right balcony, and hid three labels in one left bedroom/dress space.

Post-room-repair integration checkpoint (opening lane still pending):

[rooms] label diagnostics: [{"kind": "conflicted-room", "room": 3, "labels": ["욕실", "드레스룸", "드레스룸"]}, {"kind": "conflicted-room", "room": 1, "labels": ["안방", "드레스룸"]}]
AssertionError: {"doors": 6, "openings": 3, "planId": "source-plan", "rooms": 12, "scale": 10.992, "style": "standard", "wallIoU": 0.815, "walls": 55, "windows": 4}

The two conflicted components remain awaiting the opening detector's full
source-backed barriers; this is an integration checkpoint, not a room-only
regression failure.

Source-room-barrier decoupling checkpoint (2026-09-30):

PASS rooms=15 labels=14 protected-small=2 barrier-separated=2 blank-barrier=0
metrics: {"doors": 6, "openings": 6, "planId": "source-plan", "rooms": 15,
"scale": 10.992, "style": "standard", "wallIoU": 0.81, "walls": 51,
"windows": 2, "room_diagnostics": []}

source-plan.jpg sha256: 94c0bd24aaa0dfb1c35546687c277fea65ec9cef1f6b09a7dfebbfc282a9b24a
ocr-cache sha256: c268ebe7adad4843364fc37f42f9b1ba62a0acd87a9c5efff002cfb086a4be4d
vectorize.py sha256: c2269df3f23c268f8a6bcb357692d7d06d98ab73165a7f66930af392fa3b647a
