{
  "status": "FAIL",
  "scenePath": "/private/tmp/openings-import-baseline.json",
  "apiPath": "/Users/changseok/editor/.omo/evidence/openings-spaces/api-vector-before.json",
  "fixturePath": "/Users/changseok/editor/.omo/evidence/openings-spaces/space-probes.json",
  "frame": {
    "source": "api-wall-matches",
    "analysisScale": 2,
    "mmPerPx": 10.992,
    "sceneTranslationM": [
      -13.651687285849619,
      -9.101004999181487
    ]
  },
  "counts": {
    "nodes": 69,
    "walls": 46,
    "zones": 10,
    "openings": 13
  },
  "rooms": {
    "expected": 15,
    "matched": 13,
    "recognised": 14,
    "matches": [
      {
        "id": "bedroom-left-upper",
        "zoneId": "zone_33w2q8roju2tph4f",
        "source": [
          388,
          370
        ],
        "scene": [
          -5.121895285849618,
          -0.9669249991814866
        ],
        "name": "안방",
        "cls": "bedroom"
      },
      {
        "id": "bedroom-left-lower",
        "zoneId": "zone_33w2q8roju2tph4f",
        "source": [
          477,
          451
        ],
        "scene": [
          -3.165319285849618,
          0.8137790008185117
        ],
        "name": "안방",
        "cls": "bedroom"
      },
      {
        "id": "bedroom-master",
        "zoneId": "zone_xexr5xuq99g2sd7d",
        "source": [
          850,
          286
        ],
        "scene": [
          5.0347127141503805,
          -2.8135809991814877
        ],
        "name": "안방",
        "cls": "bedroom"
      },
      {
        "id": "bath-left",
        "zoneId": "zone_9xzbhaixfy9j2kw1",
        "source": [
          488,
          239
        ],
        "scene": [
          -2.9234952858496186,
          -3.8468289991814872
        ],
        "name": "욕실",
        "cls": "bath"
      },
      {
        "id": "bath-right",
        "zoneId": "zone_edm0tda2ohv7x1n9",
        "source": [
          710,
          226
        ],
        "scene": [
          1.9569527141503809,
          -4.132620999181487
        ],
        "name": "욕실",
        "cls": "bath"
      },
      {
        "id": "dress-upper-left",
        "zoneId": "zone_dls606iwu3rky3ac",
        "source": [
          528,
          268
        ],
        "scene": [
          -2.0441352858496185,
          -3.2092929991814874
        ],
        "name": "드레스룸",
        "cls": "dress"
      },
      {
        "id": "dress-middle-left",
        "zoneId": "zone_33w2q8roju2tph4f",
        "source": [
          506,
          339
        ],
        "scene": [
          -2.527783285849619,
          -1.6484289991814878
        ],
        "name": "안방",
        "cls": "bedroom"
      },
      {
        "id": "dress-center",
        "zoneId": "zone_33w2q8roju2tph4f",
        "source": [
          585,
          360
        ],
        "scene": [
          -0.7910472858496185,
          -1.186764999181487
        ],
        "name": "안방",
        "cls": "bedroom"
      },
      {
        "id": "dress-right",
        "zoneId": "zone_nr4co0bg4he9fjia",
        "source": [
          692,
          338
        ],
        "scene": [
          1.5612407141503812,
          -1.6704129991814876
        ],
        "name": "드레스룸",
        "cls": "dress"
      },
      {
        "id": "dress-upper-right",
        "zoneId": null,
        "source": [
          934,
          158
        ],
        "scene": [
          6.88136871415038,
          -5.627532999181487
        ],
        "name": null,
        "cls": null
      },
      {
        "id": "entrance",
        "zoneId": "zone_iuzhlgo2r28mnlwt",
        "source": [
          590,
          272
        ],
        "scene": [
          -0.6811272858496178,
          -3.1213569991814873
        ],
        "name": "현관",
        "cls": "entrance"
      },
      {
        "id": "living",
        "zoneId": "zone_gi0cmhy5v1smtf94",
        "source": [
          844,
          483
        ],
        "scene": [
          4.902808714150382,
          1.5172670008185118
        ],
        "name": "거실",
        "cls": "living"
      },
      {
        "id": "kitchen",
        "zoneId": "zone_bd3srmvunpqlyurn",
        "source": [
          600,
          527
        ],
        "scene": [
          -0.4612872858496182,
          2.484563000818513
        ],
        "name": "부엌",
        "cls": "kitchen"
      },
      {
        "id": "balcony-left",
        "zoneId": null,
        "source": [
          750,
          606
        ],
        "scene": [
          2.836312714150381,
          4.221299000818513
        ],
        "name": null,
        "cls": null
      },
      {
        "id": "balcony-right",
        "zoneId": "zone_i4kannot85o917nf",
        "source": [
          850,
          606
        ],
        "scene": [
          5.0347127141503805,
          4.221299000818513
        ],
        "name": "발코니",
        "cls": "balcony"
      }
    ]
  },
  "openings": {
    "expected": 14,
    "matched": 7,
    "matches": [
      {
        "id": "entrance-door",
        "nodeId": "door_d9yd7hzw45ib5ppr",
        "kind": "door",
        "source": [
          591.0873383701218,
          221.59733564865977
        ],
        "distancePx": 0.19774143496784444
      },
      {
        "id": "old-bath-door",
        "nodeId": "door_jzs4w5lrmf4id1fr",
        "kind": "door",
        "source": [
          471.67411132060806,
          294.36128382075964
        ],
        "distancePx": 0.13170763885978257
      },
      {
        "id": "bedroom-dress-door",
        "nodeId": "door_n63q6a5j7fj3rwvt",
        "kind": "door",
        "source": [
          717.7321363650661,
          276.484215756072
        ],
        "distancePx": 0.06967506944961753
      },
      {
        "id": "dress-living-door",
        "nodeId": "door_w6dyu31sn91oc52o",
        "kind": "door",
        "source": [
          765.4827731918493,
          409.3353802393325
        ],
        "distancePx": 0.13647187300241154
      },
      {
        "id": "balcony-partition",
        "nodeId": null,
        "kind": null,
        "source": null,
        "distancePx": null
      },
      {
        "id": "kitchen-passage",
        "nodeId": null,
        "kind": null,
        "source": null,
        "distancePx": null
      },
      {
        "id": "internal-fixture-upper",
        "nodeId": null,
        "kind": null,
        "source": null,
        "distancePx": null
      },
      {
        "id": "internal-fixture-lower",
        "nodeId": null,
        "kind": null,
        "source": null,
        "distancePx": null
      },
      {
        "id": "entrance-dress-fixture",
        "nodeId": null,
        "kind": null,
        "source": null,
        "distancePx": null
      },
      {
        "id": "dress-bedroom-fixture",
        "nodeId": null,
        "kind": null,
        "source": null,
        "distancePx": null
      },
      {
        "id": "top-dress-door",
        "nodeId": null,
        "kind": null,
        "source": null,
        "distancePx": null
      },
      {
        "id": "living-balcony-glazing",
        "nodeId": "window_jojg6vrmxtrtk2ok",
        "kind": "window",
        "source": [
          844.3287520855902,
          584.5673671388957
        ],
        "distancePx": 0.07836561064394575
      },
      {
        "id": "balcony-glazing-left",
        "nodeId": "window_kmur9w6wij7ecyfh",
        "kind": "window",
        "source": [
          752.4733117653573,
          631.4037026556352
        ],
        "distancePx": 0.09992717548319982
      },
      {
        "id": "balcony-glazing-right",
        "nodeId": "window_51657krs4buhe5r1",
        "kind": "window",
        "source": [
          849.9714922602628,
          631.1512463237575
        ],
        "distancePx": 0.056476651565796815
      }
    ]
  },
  "errors": [
    "expected exactly 15 ZoneNode records, found 10",
    "room probes are not one-to-one: bedroom-left-lower reuses zone zone_33w2q8roju2tph4f",
    "room probe dress-middle-left matched zone_33w2q8roju2tph4f with name \"안방\", expected one of [\"드레스룸\"]",
    "room probe dress-middle-left matched zone_33w2q8roju2tph4f with class \"bedroom\", expected \"dress\"",
    "room probes are not one-to-one: dress-middle-left reuses zone zone_33w2q8roju2tph4f",
    "room probe dress-center matched zone_33w2q8roju2tph4f with name \"안방\", expected one of [\"드레스룸\"]",
    "room probe dress-center matched zone_33w2q8roju2tph4f with class \"bedroom\", expected \"dress\"",
    "room probes are not one-to-one: dress-center reuses zone zone_33w2q8roju2tph4f",
    "room probe dress-upper-right is contained by 0 zones (expected exactly one)",
    "room probe balcony-left is contained by 0 zones (expected exactly one)",
    "opening probe balcony-partition has no [\"door\"] match within 22px (nearest {\"id\":\"window_mw7ykecib2vfhqro\",\"kind\":\"window\",\"distancePx\":0.030995560927140297})",
    "opening probe kitchen-passage has no [\"opening\"] match within 22px (nearest {\"id\":\"window_ck6ng2kal5xgg80z\",\"kind\":\"window\",\"distancePx\":0.039766680822504105})",
    "opening probe internal-fixture-upper has no [\"opening\"] match within 22px (nearest {\"id\":\"window_dj1w66hwwoxaxgta\",\"kind\":\"window\",\"distancePx\":0.4516530953547282})",
    "opening probe internal-fixture-lower has no [\"opening\"] match within 22px (nearest {\"id\":\"window_odqd6jnwe3hjpl6g\",\"kind\":\"window\",\"distancePx\":0.24216240326651167})",
    "opening probe entrance-dress-fixture has no [\"door\"] match within 22px (nearest {\"id\":\"window_ldfn44634v7ri3ih\",\"kind\":\"window\",\"distancePx\":0.07005464823085458})",
    "opening probe dress-bedroom-fixture has no [\"opening\"] match within 22px (nearest {\"id\":\"window_bihs3wlx272wjbow\",\"kind\":\"window\",\"distancePx\":0.024565281319017834})",
    "opening probe top-dress-door has no [\"door\"] match within 22px (nearest {\"id\":\"window_bihs3wlx272wjbow\",\"kind\":\"window\",\"distancePx\":212.0515911747059})"
  ],
  "warnings": []
}
