$ dotenv -e ../../.env.local -- next build
▲ Next.js 16.2.12 (Turbopack)
- Experiments (use with caution):
  · serverActions

⚠ The "middleware" file convention is deprecated. Please use "proxy" instead. Learn more: https://nextjs.org/docs/messages/middleware-to-proxy
  Creating an optimized production build ...
✓ Compiled successfully in 8.8s
  Skipping validation of types
  Finished TypeScript config validation in 4ms ...
  Collecting page data using 15 workers ...
  Generating static pages using 15 workers (0/13) ...
  Generating static pages using 15 workers (3/13) 
  Generating static pages using 15 workers (6/13) 
  Generating static pages using 15 workers (9/13) 
✓ Generating static pages using 15 workers (13/13) in 563ms
  Finalizing page optimization ...

Route (app)
┌ ○ /_not-found
├ ƒ /api/ai/auth
├ ƒ /api/ai/chat
├ ƒ /api/ai/img3d
├ ƒ /api/apartments/[id]/interior-info
├ ƒ /api/apartments/[id]/plans
├ ƒ /api/apartments/[id]/plans/[planId]/image
├ ƒ /api/apartments/[id]/plans/[planId]/vector
├ ƒ /api/apartments/dataset
├ ƒ /api/apt-feedback
├ ƒ /api/finish-templates
├ ƒ /api/finish-templates/[id]
├ ƒ /api/health
├ ƒ /api/intm/estimates
├ ƒ /api/intm/materials
├ ƒ /api/intm/projects
├ ƒ /api/materials/rawpRoute (app)
┌ ○ /_not-found
├ ƒ /api/ai/auth
├ ƒ /api/ai/chat
├ ƒ /api/ai/img3d
├ ƒ /api/apartments/[id]/interior-info
├ ƒ /api/apartments/[id]/plans
├ ƒ /api/apartments/[id]/plans/[planId]/image
├ ƒ /api/apartments/[id]/plans/[planId]/vector
├ ƒ /api/apartments/dataset
├ ƒ /api/apt-feedback
├ ƒ /api/finish-templates
├ ƒ /api/finish-templates/[id]
├ ƒ /api/health
├ ƒ /api/intm/estimates
├ ƒ /api/intm/materials
├ ƒ /api/intm/projects
├ ƒ /api/materials/rawpRoute (app)
┌ ○ /_not-found
├ ƒ /api/ai/auth
├ ƒ /api/ai/chat
├ ƒ /api/ai/img3d
├ ƒ /api/apartments/[id]/interior-info
├ ƒ /api/apartments/[id]/plans
├ ƒ /api/apartments/[id]/plans/[planId]/image
├ ƒ /api/apartments/[id]/plans/[planId]/vector
├ ƒ /api/apartments/dataset
├ ƒ /api/apt-feedback
├ ƒ /api/finish-templates
├ ƒ /api/finish-templates/[id]
├ ƒ /api/health
├ ƒ /api/intm/estimates
├ ƒ /api/intm/materials
├ ƒ /api/intm/projects
├ ƒ /api/materials/rawpBUILD_EXIT_STATUS=0
BUILD_ID_MISSING
